// Jest Snapshot v1, https://goo.gl/fbAQLP

exports[`renders 1`] = `
<ul
  className="MuiList-root MuiList-padding"
>
  <a
    aria-disabled={false}
    className="MuiButtonBase-root MuiListItem-root MuiListItem-gutters MuiListItem-button"
    href="/games/678-9013"
    onBlur={[Function]}
    onClick={[Function]}
    onFocus={[Function]}
    onKeyDown={[Function]}
    onKeyUp={[Function]}
    onMouseDown={[Function]}
    onMouseLeave={[Function]}
    onMouseUp={[Function]}
    onTouchEnd={[Function]}
    onTouchMove={[Function]}
    onTouchStart={[Function]}
    role="button"
    tabIndex={0}
  >
    <div
      className="MuiListItemAvatar-root"
    >
      <div
        className="MuiAvatar-root"
      >
        <img
          alt="Test game"
          className="MuiAvatar-img"
          src="/img/games/678-9013.jpg"
        />
      </div>
    </div>
    <div
      className="MuiListItemText-root"
    >
      <span
        className="MuiTypography-root MuiListItemText-primary MuiTypography-body1"
      >
        Test game
      </span>
    </div>
  </a>
</ul>
`;
