// Jest Snapshot v1, https://goo.gl/fbAQLP

exports[`renders without crashing 1`] = `
<div>
  <header
    className="MuiPaper-root MuiPaper-elevation4 MuiAppBar-root MuiAppBar-positionFixed MuiAppBar-colorPrimary mui-fixed"
  >
    <div
      className="MuiToolbar-root MuiToolbar-regular MuiToolbar-gutters"
    >
      <button
        aria-label="Menu"
        className="MuiButtonBase-root MuiIconButton-root MuiIconButton-colorInherit"
        disabled={false}
        onBlur={[Function]}
        onClick={[Function]}
        onFocus={[Function]}
        onKeyDown={[Function]}
        onKeyUp={[Function]}
        onMouseDown={[Function]}
        onMouseLeave={[Function]}
        onMouseUp={[Function]}
        onTouchEnd={[Function]}
        onTouchMove={[Function]}
        onTouchStart={[Function]}
        tabIndex={0}
        type="button"
      >
        <span
          className="MuiIconButton-label"
        >
          <svg
            aria-hidden="true"
            className="MuiSvgIcon-root"
            focusable="false"
            role="presentation"
            viewBox="0 0 24 24"
          >
            <path
              d="M0 0h24v24H0z"
              fill="none"
            />
            <path
              d="M3 18h18v-2H3v2zm0-5h18v-2H3v2zm0-7v2h18V6H3z"
            />
          </svg>
        </span>
      </button>
      <h6
        className="MuiTypography-root MuiTypography-h6 MuiTypography-colorInherit"
        style={
          Object {
            "flexGrow": 1,
          }
        }
      >
        Game Collection
      </h6>
      <div
        className="UserNavbarItem-root-92"
      >
        <button
          className="MuiButtonBase-root MuiButton-root MuiButton-text"
          disabled={false}
          onBlur={[Function]}
          onFocus={[Function]}
          onKeyDown={[Function]}
          onKeyUp={[Function]}
          onMouseDown={[Function]}
          onMouseLeave={[Function]}
          onMouseUp={[Function]}
          onTouchEnd={[Function]}
          onTouchMove={[Function]}
          onTouchStart={[Function]}
          tabIndex={0}
          type="button"
        >
          <span
            className="MuiButton-label"
          >
            <div
              className="MuiAvatar-root UserNavbarItem-avatar-93 MuiAvatar-colorDefault"
            >
              SP
            </div>
            <h6
              className="MuiTypography-root UserNavbarItem-nameText-94 MuiTypography-subtitle2 MuiTypography-colorInherit"
            >
              Stratos
            </h6>
          </span>
        </button>
      </div>
    </div>
  </header>
  <div
    style={
      Object {
        "alignItems": "center",
        "display": "flex",
        "height": "100vh",
        "justifyContent": "center",
      }
    }
  >
    <div
      className="MuiCircularProgress-root MuiCircularProgress-colorPrimary MuiCircularProgress-indeterminate"
      role="progressbar"
      style={
        Object {
          "height": 40,
          "width": 40,
        }
      }
    >
      <svg
        className="MuiCircularProgress-svg"
        viewBox="22 22 44 44"
      >
        <circle
          className="MuiCircularProgress-circle MuiCircularProgress-circleIndeterminate"
          cx={44}
          cy={44}
          fill="none"
          r={20.2}
          strokeWidth={3.6}
          style={Object {}}
        />
      </svg>
    </div>
  </div>
</div>
`;
